// Jest Snapshot v1, https://goo.gl/fbAQLP

exports[`>>>>MOBILE COMPANY functions CHECK RENDER 1`] = `
<div
  className="MobileCompany"
>
  <div
    className="Buttons"
  >
    <input
      onClick={[Function]}
      type="button"
      value="Show Active"
    />
    <input
      onClick={[Function]}
      type="button"
      value="Show Blocked"
    />
    <input
      onClick={[Function]}
      type="button"
      value="Clear filter"
    />
  </div>
  <div
    className="MobileCompanyName"
  >
    Mobile company
  </div>
  <div
    className="MobileCompanyClients"
  >
    <div
      className="MobileClient"
      id={101}
    >
      <span
        className="MobileClientName"
      >
        Иван Иванов
      </span>
      <span
        className="MobileClientBalance"
      >
        200
      </span>
      <span
        className="MobileClientBtn"
      >
        <input
          onClick={[Function]}
          type="button"
          value="Edit"
        />
      </span>
      <span
        className="MobileClientBtn"
      >
        <input
          onClick={[Function]}
          type="button"
          value="Delete"
        />
      </span>
    </div>
    <div
      className="MobileClient"
      id={105}
    >
      <span
        className="MobileClientName"
      >
        Сидор Сидоров
      </span>
      <span
        className="MobileClientBalance"
      >
        250
      </span>
      <span
        className="MobileClientBtn"
      >
        <input
          onClick={[Function]}
          type="button"
          value="Edit"
        />
      </span>
      <span
        className="MobileClientBtn"
      >
        <input
          onClick={[Function]}
          type="button"
          value="Delete"
        />
      </span>
    </div>
    <div
      className="MobileClient"
      id={110}
    >
      <span
        className="MobileClientName"
      >
        Пётр Петров
      </span>
      <span
        className="MobileClientBalance"
      >
        180
      </span>
      <span
        className="MobileClientBtn"
      >
        <input
          onClick={[Function]}
          type="button"
          value="Edit"
        />
      </span>
      <span
        className="MobileClientBtn"
      >
        <input
          onClick={[Function]}
          type="button"
          value="Delete"
        />
      </span>
    </div>
    <div
      className="MobileClient"
      id={120}
    >
      <span
        className="MobileClientName"
      >
        Григорий Григорьев
      </span>
      <span
        className="MobileClientBalance"
      >
        220
      </span>
      <span
        className="MobileClientBtn"
      >
        <input
          onClick={[Function]}
          type="button"
          value="Edit"
        />
      </span>
      <span
        className="MobileClientBtn"
      >
        <input
          onClick={[Function]}
          type="button"
          value="Delete"
        />
      </span>
    </div>
    <div
      className="MobileClient"
      id={121}
    >
      <span
        className="MobileClientName"
      >
        Павел Павлов
      </span>
      <span
        className="MobileClientBalance"
      >
        -20
      </span>
      <span
        className="MobileClientBtn"
      >
        <input
          onClick={[Function]}
          type="button"
          value="Edit"
        />
      </span>
      <span
        className="MobileClientBtn"
      >
        <input
          onClick={[Function]}
          type="button"
          value="Delete"
        />
      </span>
    </div>
    <div
      className="MobileClient"
      id={122}
    >
      <span
        className="MobileClientName"
      >
        Сергей Сергеев
      </span>
      <span
        className="MobileClientBalance"
      >
        -320
      </span>
      <span
        className="MobileClientBtn"
      >
        <input
          onClick={[Function]}
          type="button"
          value="Edit"
        />
      </span>
      <span
        className="MobileClientBtn"
      >
        <input
          onClick={[Function]}
          type="button"
          value="Delete"
        />
      </span>
    </div>
    <div
      className="MobileClient"
      id={123}
    >
      <span
        className="MobileClientName"
      >
        Юрий Юрьев
      </span>
      <span
        className="MobileClientBalance"
      >
        0
      </span>
      <span
        className="MobileClientBtn"
      >
        <input
          onClick={[Function]}
          type="button"
          value="Edit"
        />
      </span>
      <span
        className="MobileClientBtn"
      >
        <input
          onClick={[Function]}
          type="button"
          value="Delete"
        />
      </span>
    </div>
  </div>
  <div
    className="Buttons"
  >
    <input
      onClick={[Function]}
      type="button"
      value="Add"
    />
  </div>
</div>
`;
